Makefile
Makefile
bin
chdir to pm
chdir to servers
done
fs
fs
init
init
pm
pm
rs
rs
servers
