----------------- test.e4.1.A
Makefile
manager.c
proto.h
rs.c
rs.h
service.c
----------------- test.e4.1.B
Makefile
alloc.c
break.c
const.h
exec.c
forkexit.c
getset.c
glo.h
main.c
misc.c
mproc.h
param.h
pm.h
proto.h
signal.c
table.c
time.c
timers.c
trace.c
type.h
utility.c
----------------- test.e4.1.C
Makefile
fs
init
pm
rs
Makefile
alloc.c
break.c
const.h
exec.c
forkexit.c
getset.c
glo.h
main.c
misc.c
mproc.h
param.h
pm.h
proto.h
signal.c
table.c
time.c
timers.c
trace.c
type.h
utility.c
----------------- test.e4.1.D
Makefile
manager.c
proto.h
rs.c
rs.h
service.c
Makefile
alloc.c
break.c
const.h
exec.c
forkexit.c
getset.c
glo.h
main.c
misc.c
mproc.h
param.h
pm.h
proto.h
signal.c
table.c
time.c
timers.c
trace.c
type.h
utility.c
----------------- test.e4.1.E
Makefile
Makefile
alloc.c
break.c
const.h
exec.c
forkexit.c
getset.c
glo.h
main.c
manager.c
misc.c
mproc.h
param.h
pm.h
proto.h
proto.h
rs.c
rs.h
service.c
signal.c
table.c
time.c
timers.c
trace.c
type.h
utility.c
