Makefile
Makefile
Makefile
alloc.c
alloc.c
alloc.c
break.c
break.c
break.c
const.h
const.h
const.h
exec.c
exec.c
exec.c
forkexit.c
forkexit.c
forkexit.c
getset.c
getset.c
getset.c
glo.h
glo.h
glo.h
main.c
main.c
main.c
misc.c
misc.c
misc.c
mproc.h
mproc.h
mproc.h
param.h
param.h
param.h
pm.h
pm.h
pm.h
proto.h
proto.h
proto.h
signal.c
signal.c
signal.c
table.c
table.c
table.c
time.c
time.c
time.c
timers.c
timers.c
timers.c
trace.c
trace.c
trace.c
type.h
type.h
type.h
utility.c
utility.c
utility.c
------------------------
     21     21    167 
------------------------
     21     21    167 
