     63     63    501 
------------------------
     21     21    167 
------------------------
     21     21    167 
3 file descriptors used.
3 file descriptors used.
3 file descriptors used.
3 file descriptors used.
3 file descriptors used.
